nx_alive.c:33:7:NX_ALIVE_Initialize	0	static
nx_alive.c:53:6:NX_ALIVE_GetNumberOfModule	0	static
nx_alive.c:69:6:NX_ALIVE_GetPhysicalAddress	0	static
nx_alive.c:83:6:NX_ALIVE_GetSizeOfRegisterSet	0	static
nx_alive.c:98:6:NX_ALIVE_SetBaseAddress	0	static
nx_alive.c:114:6:NX_ALIVE_GetBaseAddress	0	static
nx_alive.c:129:7:NX_ALIVE_OpenModule	0	static
nx_alive.c:144:7:NX_ALIVE_CloseModule	0	static
nx_alive.c:159:7:NX_ALIVE_CheckBusy	0	static
nx_alive.c:174:7:NX_ALIVE_CanPowerDown	0	static
nx_alive.c:193:6:NX_ALIVE_GetInterruptNumber	0	static
nx_alive.c:253:6:NX_ALIVE_SetInterruptEnable	0	static
nx_alive.c:289:7:NX_ALIVE_GetInterruptEnable	0	static
nx_alive.c:313:6:NX_ALIVE_SetInterruptEnable32	0	static
nx_alive.c:344:6:NX_ALIVE_GetInterruptEnable32	0	static
nx_alive.c:366:7:NX_ALIVE_GetInterruptPending	0	static
nx_alive.c:391:6:NX_ALIVE_GetInterruptPending32	0	static
nx_alive.c:412:6:NX_ALIVE_ClearInterruptPending	0	static
nx_alive.c:436:6:NX_ALIVE_ClearInterruptPending32	0	static
nx_alive.c:457:6:NX_ALIVE_SetInterruptEnableAll	0	static
nx_alive.c:484:7:NX_ALIVE_GetInterruptEnableAll	0	static
nx_alive.c:511:7:NX_ALIVE_GetInterruptPendingAll	0	static
nx_alive.c:537:6:NX_ALIVE_ClearInterruptPendingAll	0	static
nx_alive.c:558:6:NX_ALIVE_GetInterruptPendingNumber	0	static
nx_alive.c:611:6:NX_ALIVE_SetWriteEnable	0	static
nx_alive.c:630:7:NX_ALIVE_GetWriteEnable	0	static
nx_alive.c:650:6:NX_ALIVE_SetScratchReg	0	static
nx_alive.c:668:6:NX_ALIVE_GetScratchReg	0	static
nx_alive.c:689:6:NX_ALIVE_SetPullUpEnable	0	static
nx_alive.c:708:9:NX_ALIVE_SetPullUpEnable32	0	static
nx_alive.c:727:7:NX_ALIVE_GetPullUpEnable	0	static
nx_alive.c:781:6:NX_ALIVE_SetPadRetentionEnable	0	static
nx_alive.c:812:7:NX_ALIVE_GetPadRetentionEnable	0	static
nx_alive.c:868:6:NX_ALIVE_SetPadRetentionHold	0	static
nx_alive.c:892:7:NX_ALIVE_GetPadRetentionHold	0	static
nx_alive.c:918:6:NX_ALIVE_SetDetectEnable	0	static
nx_alive.c:938:6:NX_ALIVE_SetDetectEnable32	0	static
nx_alive.c:955:7:NX_ALIVE_GetDetectEnable	0	static
nx_alive.c:976:6:NX_ALIVE_SetDetectMode	0	static
nx_alive.c:1038:6:NX_ALIVE_SetDetectMode32	16	static
nx_alive.c:1057:7:NX_ALIVE_GetDetectMode	0	static
nx_alive.c:1112:7:NX_ALIVE_GetVDDPWRTOGGLE	0	static
nx_alive.c:1138:6:NX_ALIVE_SetOutputEnable	0	static
nx_alive.c:1167:7:NX_ALIVE_SetOutputEnable32	0	static
nx_alive.c:1172:7:NX_ALIVE_SetInputEnable32	0	static
nx_alive.c:1188:7:NX_ALIVE_GetOutputEnable	0	static
nx_alive.c:1196:6:NX_ALIVE_GetOutputEnable32	0	static
nx_alive.c:1202:7:NX_ALIVE_GetInputEnable	0	static
nx_alive.c:1210:6:NX_ALIVE_GetInputEnable32	0	static
nx_alive.c:1229:6:NX_ALIVE_SetOutputValue	0	static
nx_alive.c:1249:9:NX_ALIVE_SetOutputHigh32	0	static
nx_alive.c:1255:9:NX_ALIVE_SetOutputLow32	0	static
nx_alive.c:1274:7:NX_ALIVE_GetOutputValue	0	static
nx_alive.c:1282:9:NX_ALIVE_GetOutputValue32	0	static
nx_alive.c:1298:7:NX_ALIVE_GetInputValue	0	static
nx_alive.c:1306:9:NX_ALIVE_GetInputValue32	0	static
nx_alive.c:1330:6:NX_ALIVE_SetVDDPWRON	0	static
nx_alive.c:1360:7:NX_ALIVE_GetVDDPWRON	0	static
nx_alive.c:1378:7:NX_ALIVE_GetVDDPWRON_DDR	0	static
nx_alive.c:1396:5:NX_ALIVE_GetCorePowerOffDelayTime	0	static
nx_alive.c:1402:7:NX_ALIVE_SetCorePowerOffDelayTime	0	static
nx_alive.c:1408:6:NX_ALIVE_GetWakeUpStatus	0	static
nx_alive.c:1419:7:NX_ALIVE_ClearWakeUpStatus	0	static
