nx_clkpwr.c:37:7:NX_CLKPWR_Initialize	0	static
nx_clkpwr.c:57:6:NX_CLKPWR_GetNumberOfModule	0	static
nx_clkpwr.c:73:6:NX_CLKPWR_GetPhysicalAddress	0	static
nx_clkpwr.c:87:6:NX_CLKPWR_GetSizeOfRegisterSet	0	static
nx_clkpwr.c:102:6:NX_CLKPWR_SetBaseAddress	0	static
nx_clkpwr.c:118:6:NX_CLKPWR_GetBaseAddress	0	static
nx_clkpwr.c:133:7:NX_CLKPWR_OpenModule	0	static
nx_clkpwr.c:148:7:NX_CLKPWR_CloseModule	0	static
nx_clkpwr.c:207:6:NX_CLKPWR_GetInterruptNumber	0	static
nx_clkpwr.c:229:6:NX_CLKPWR_SetInterruptEnable	0	static
nx_clkpwr.c:273:7:NX_CLKPWR_GetInterruptEnable	0	static
nx_clkpwr.c:307:6:NX_CLKPWR_SetInterruptEnable32	0	static
nx_clkpwr.c:338:6:NX_CLKPWR_GetInterruptEnable32	0	static
nx_clkpwr.c:364:7:NX_CLKPWR_GetInterruptPending	0	static
nx_clkpwr.c:399:6:NX_CLKPWR_GetInterruptPending32	0	static
nx_clkpwr.c:424:6:NX_CLKPWR_ClearInterruptPending	0	static
nx_clkpwr.c:458:6:NX_CLKPWR_ClearInterruptPending32	0	static
nx_clkpwr.c:483:6:NX_CLKPWR_SetInterruptEnableAll	0	static
nx_clkpwr.c:512:7:NX_CLKPWR_GetInterruptEnableAll	0	static
nx_clkpwr.c:540:7:NX_CLKPWR_GetInterruptPendingAll	0	static
nx_clkpwr.c:568:6:NX_CLKPWR_ClearInterruptPendingAll	0	static
nx_clkpwr.c:591:6:NX_CLKPWR_GetInterruptPendingNumber	0	static
nx_clkpwr.c:639:6:NX_CLKPWR_SetPLLPMS	16	static
nx_clkpwr.c:662:6:NX_CLKPWR_GetPLLFreq	24	static
nx_clkpwr.c:685:6:NX_CLKPWR_SetPLLDither	24	static
nx_clkpwr.c:763:6:NX_CLKPWR_DoPLLChange	0	static
nx_clkpwr.c:782:7:NX_CLKPWR_IsPLLStable	0	static
nx_clkpwr.c:183:7:NX_CLKPWR_CanPowerDown	8	static
nx_clkpwr.c:163:7:NX_CLKPWR_CheckBusy	8	static
nx_clkpwr.c:804:6:NX_CLKPWR_SetClockCPU	0	static
nx_clkpwr.c:836:6:NX_CLKPWR_SetClockDivider2	0	static
nx_clkpwr.c:856:6:NX_CLKPWR_SetClockDivider3	0	static
nx_clkpwr.c:880:6:NX_CLKPWR_SetClockDivider4	0	static
nx_clkpwr.c:979:6:NX_CLKPWR_SetRTCWakeUpEnable	0	static
nx_clkpwr.c:1007:7:NX_CLKPWR_GetRTCWakeUpEnable	0	static
nx_clkpwr.c:1029:6:NX_CLKPWR_SetALIVEGPIOWakeupEnable	0	static
nx_clkpwr.c:1045:6:NX_CLKPWR_SetALIVEGPIOWakeupEnableAll	16	static
nx_clkpwr.c:1077:7:NX_CLKPWR_GetALIVEGPIOWakeupEnable	0	static
nx_clkpwr.c:1097:6:NX_CLKPWR_SetALIVEGPIOWakeUpRiseEdgeDetectEnable	0	static
nx_clkpwr.c:1124:7:NX_CLKPWR_GetALIVEGPIOWakeUpRiseEdgeDetectEnable	0	static
nx_clkpwr.c:1144:6:NX_CLKPWR_SetALIVEGPIOWakeUpFallEdgeDetectEnable	0	static
nx_clkpwr.c:1171:7:NX_CLKPWR_GetALIVEGPIOWakeUpFallEdgeDetectEnable	0	static
nx_clkpwr.c:1190:6:NX_CLKPWR_SetSoftwareResetEnable	0	static
nx_clkpwr.c:1216:7:NX_CLKPWR_GetSoftwareResetEnable	0	static
nx_clkpwr.c:1233:6:NX_CLKPWR_DoSoftwareReset	0	static
nx_clkpwr.c:1254:6:NX_CLKPWR_SetALIVEGPIOResetEnable	0	static
nx_clkpwr.c:1056:6:NX_CLKPWR_SetALIVEGPIOResetEnableAll	16	static
nx_clkpwr.c:1278:7:NX_CLKPWR_GetALIVEGPIOResetEnable	0	static
nx_clkpwr.c:1308:23:NX_CLKPWR_GetResetStatus	0	static
nx_clkpwr.c:1336:6:NX_CLKPWR_GoStopMode	0	static
nx_clkpwr.c:1345:6:NX_CLKPWR_SetImmediateSleepEnable	8	static
nx_clkpwr.c:1361:6:NX_CLKPWR_GoIdleMode	0	static
nx_clkpwr.c:1391:21:NX_CLKPWR_GetLastPowerMode	0	static
nx_clkpwr.c:1411:6:NX_CLKPWR_SetScratchPad	0	static
nx_clkpwr.c:1426:6:NX_CLKPWR_GetScratchPad	0	static
nx_clkpwr.c:1438:6:NX_CLKPWR_GetSystemResetConfiguration	0	static
nx_clkpwr.c:1459:6:NX_CLKPWR_SetGPIOPadStrength	8	static
nx_clkpwr.c:1507:6:NX_CLKPWR_GetGPIOPadStrength	0	static
nx_clkpwr.c:1556:6:NX_CLKPWR_SetBusPadStrength	0	static
nx_clkpwr.c:1600:6:NX_CLKPWR_GetBusPadStrength	0	static
nx_clkpwr.c:1631:6:NX_CLKPWR_SetPllOutGMux	16	static
nx_clkpwr.c:1640:6:NX_CLKPWR_UpdatePllSetReg	8	static
nx_clkpwr.c:1648:7:NX_CLKPWR_IsPLLStableUpdate	0	static
nx_clkpwr.c:1656:6:NX_CLKPWR_SetPLLPower	16	static
