nx_clkgen.c:28:7:NX_CLKGEN_Initialize	0	static
nx_clkgen.c:49:7:NX_CLKGEN_GetNumberOfModule	0	static
nx_clkgen.c:53:7:NX_CLKGEN_GetPhysicalAddress	0	static
nx_clkgen.c:65:7:NX_CLKGEN_GetSizeOfRegisterSet	0	static
nx_clkgen.c:69:7:NX_CLKGEN_SetBaseAddress	0	static
nx_clkgen.c:75:7:NX_CLKGEN_GetBaseAddress	0	static
nx_clkgen.c:82:6:NX_CLKGEN_SetClockBClkMode	0	static
nx_clkgen.c:113:13:NX_CLKGEN_GetClockBClkMode	0	static
nx_clkgen.c:133:6:NX_CLKGEN_SetClockPClkMode	0	static
nx_clkgen.c:173:13:NX_CLKGEN_GetClockPClkMode	0	static
nx_clkgen.c:202:6:NX_CLKGEN_SetClockSource	0	static
nx_clkgen.c:235:8:NX_CLKGEN_GetClockSource	0	static
nx_clkgen.c:260:8:NX_CLKGEN_SetClockDivisor	0	static
nx_clkgen.c:292:8:NX_CLKGEN_GetClockDivisor	0	static
nx_clkgen.c:316:8:NX_CLKGEN_SetClockDivisorEnable	0	static
nx_clkgen.c:347:9:NX_CLKGEN_GetClockDivisorEnable	0	static
nx_clkgen.c:358:8:NX_CLKGEN_SetClockOutInv	0	static
nx_clkgen.c:378:9:NX_CLKGEN_GetClockOutInv	0	static
nx_clkgen.c:418:8:NX_CLKGEN_SetInputInv	0	static
nx_clkgen.c:438:8:NX_CLKGEN_GetInputInv	0	static
