nx_dpc.c:38:7:NX_DPC_Initialize	0	static
nx_dpc.c:62:6:NX_DPC_GetNumberOfModule	0	static
nx_dpc.c:79:6:NX_DPC_GetPhysicalAddress	8	static
nx_dpc.c:99:6:NX_DPC_GetSizeOfRegisterSet	0	static
nx_dpc.c:115:6:NX_DPC_SetBaseAddress	0	static
nx_dpc.c:133:6:NX_DPC_GetBaseAddress	0	static
nx_dpc.c:151:7:NX_DPC_OpenModule	0	static
nx_dpc.c:168:7:NX_DPC_CloseModule	0	static
nx_dpc.c:185:7:NX_DPC_CheckBusy	0	static
nx_dpc.c:202:7:NX_DPC_CanPowerDown	0	static
nx_dpc.c:223:6:NX_DPC_GetInterruptNumber	0	static
nx_dpc.c:253:6:NX_DPC_SetInterruptEnable	0	static
nx_dpc.c:295:7:NX_DPC_GetInterruptEnable	0	static
nx_dpc.c:322:6:NX_DPC_SetInterruptEnable32	0	static
nx_dpc.c:360:6:NX_DPC_GetInterruptEnable32	0	static
nx_dpc.c:387:7:NX_DPC_GetInterruptPending	0	static
nx_dpc.c:414:6:NX_DPC_GetInterruptPending32	0	static
nx_dpc.c:440:6:NX_DPC_ClearInterruptPending	0	static
nx_dpc.c:475:6:NX_DPC_ClearInterruptPending32	0	static
nx_dpc.c:509:6:NX_DPC_SetInterruptEnableAll	0	static
nx_dpc.c:548:7:NX_DPC_GetInterruptEnableAll	0	static
nx_dpc.c:573:7:NX_DPC_GetInterruptPendingAll	0	static
nx_dpc.c:597:6:NX_DPC_ClearInterruptPendingAll	0	static
nx_dpc.c:630:6:NX_DPC_GetInterruptPendingNumber	0	static
nx_dpc.c:670:8:NX_DPC_SetClockPClkMode	0	static
nx_dpc.c:714:13:NX_DPC_GetClockPClkMode	0	static
nx_dpc.c:749:6:NX_DPC_SetClockSource	0	static
nx_dpc.c:794:8:NX_DPC_GetClockSource	0	static
nx_dpc.c:823:8:NX_DPC_SetClockDivisor	0	static
nx_dpc.c:862:8:NX_DPC_GetClockDivisor	0	static
nx_dpc.c:892:8:NX_DPC_SetClockOutInv	0	static
nx_dpc.c:932:9:NX_DPC_GetClockOutInv	0	static
nx_dpc.c:962:8:NX_DPC_SetClockOutSelect	0	static
nx_dpc.c:1004:9:NX_DPC_GetClockOutSelect	0	static
nx_dpc.c:1040:8:NX_DPC_SetClockPolarity	0	static
nx_dpc.c:1080:9:NX_DPC_GetClockPolarity	0	static
nx_dpc.c:1117:8:NX_DPC_SetClockOutEnb	0	static
nx_dpc.c:1160:9:NX_DPC_GetClockOutEnb	0	static
nx_dpc.c:1199:8:NX_DPC_SetClockOutDelay	0	static
nx_dpc.c:1241:8:NX_DPC_GetClockOutDelay	0	static
nx_dpc.c:1269:8:NX_DPC_SetClockDivisorEnable	0	static
nx_dpc.c:1306:9:NX_DPC_GetClockDivisorEnable	0	static
nx_dpc.c:1328:6:NX_DPC_SetDPCEnable	0	static
nx_dpc.c:1362:7:NX_DPC_GetDPCEnable	0	static
nx_dpc.c:1403:6:NX_DPC_SetDelay	0	static
nx_dpc.c:1455:6:NX_DPC_GetDelay	8	static
nx_dpc.c:1495:6:NX_DPC_SetDither	0	static
nx_dpc.c:1532:6:NX_DPC_GetDither	0	static
nx_dpc.c:1586:6:NX_DPC_SetMode	40	static
nx_dpc.c:1710:6:NX_DPC_GetMode	32	static
nx_dpc.c:1790:6:NX_DPC_SetHSync	0	static
nx_dpc.c:1841:6:NX_DPC_GetHSync	28	static
nx_dpc.c:1908:6:NX_DPC_SetVSync	8	static
nx_dpc.c:1981:6:NX_DPC_GetVSync	32	static
nx_dpc.c:2078:6:NX_DPC_SetVSyncOffset	0	static
nx_dpc.c:2129:6:NX_DPC_GetVSyncOffset	8	static
nx_dpc.c:2160:6:NX_DPC_SetHorizontalUpScaler	16	static
nx_dpc.c:2210:6:NX_DPC_GetHorizontalUpScaler	16	static
nx_dpc.c:2252:6:NX_DPC_SetSync	32	static
nx_dpc.c:2340:6:NX_DPC_SetOutputFormat	120	static
nx_dpc.c:2404:6:NX_DPC_SetQuantizationMode	0	static
nx_dpc.c:2425:6:NX_DPC_SetEnable	8	static
nx_dpc.c:2452:6:NX_DPC_SetOutVideoClkSelect	0	static
nx_dpc.c:2468:6:NX_DPC_SetRegFlush	0	static
nx_dpc.c:2483:6:NX_DPC_SetSRAMOn	0	static
nx_dpc.c:2500:6:NX_DPC_SetSyncLCDType	8	static
nx_dpc.c:2527:6:NX_DPC_SetUpScaleControl	0	static
nx_dpc.c:2555:6:NX_DPC_SetMPUTime	0	static
nx_dpc.c:2565:6:NX_DPC_SetIndex	0	static
nx_dpc.c:2583:6:NX_DPC_SetData	0	static
nx_dpc.c:2594:6:NX_DPC_SetCmdBufferFlush	0	static
nx_dpc.c:2605:6:NX_DPC_SetCmdBufferClear	0	static
nx_dpc.c:2617:6:NX_DPC_SetCmdBufferWrite	0	static
nx_dpc.c:2628:6:NX_DPC_SetMPUCS1	0	static
nx_dpc.c:2640:5:NX_DPC_GetData	0	static
nx_dpc.c:2653:5:NX_DPC_GetStatus	0	static
nx_dpc.c:2670:6:NX_DPC_RGBMASK	0	static
nx_dpc.c:2683:6:NX_DPC_SetPadLocation	0	static
nx_dpc.c:2693:5:NX_DPC_GetFieldFlag	0	static
