nx_disptop_clkgen.c:46:7:NX_DISPTOP_CLKGEN_Initialize	0	static
nx_disptop_clkgen.c:64:7:NX_DISPTOP_CLKGEN_GetNumberOfModule	0	static
nx_disptop_clkgen.c:68:7:NX_DISPTOP_CLKGEN_GetPhysicalAddress	0	static
nx_disptop_clkgen.c:80:7:NX_DISPTOP_CLKGEN_GetSizeOfRegisterSet	0	static
nx_disptop_clkgen.c:84:7:NX_DISPTOP_CLKGEN_SetBaseAddress	0	static
nx_disptop_clkgen.c:90:7:NX_DISPTOP_CLKGEN_GetBaseAddress	0	static
nx_disptop_clkgen.c:97:6:NX_DISPTOP_CLKGEN_SetClockBClkMode	0	static
nx_disptop_clkgen.c:128:13:NX_DISPTOP_CLKGEN_GetClockBClkMode	0	static
nx_disptop_clkgen.c:148:6:NX_DISPTOP_CLKGEN_SetClockPClkMode	0	static
nx_disptop_clkgen.c:188:13:NX_DISPTOP_CLKGEN_GetClockPClkMode	0	static
nx_disptop_clkgen.c:217:6:NX_DISPTOP_CLKGEN_SetClockSource	0	static
nx_disptop_clkgen.c:250:8:NX_DISPTOP_CLKGEN_GetClockSource	0	static
nx_disptop_clkgen.c:275:8:NX_DISPTOP_CLKGEN_SetClockDivisor	0	static
nx_disptop_clkgen.c:307:8:NX_DISPTOP_CLKGEN_GetClockDivisor	0	static
nx_disptop_clkgen.c:331:8:NX_DISPTOP_CLKGEN_SetClockDivisorEnable	0	static
nx_disptop_clkgen.c:362:9:NX_DISPTOP_CLKGEN_GetClockDivisorEnable	0	static
nx_disptop_clkgen.c:373:8:NX_DISPTOP_CLKGEN_SetClockOutInv	0	static
nx_disptop_clkgen.c:393:9:NX_DISPTOP_CLKGEN_GetClockOutInv	0	static
nx_disptop_clkgen.c:433:8:NX_DISPTOP_CLKGEN_SetInputInv	0	static
nx_disptop_clkgen.c:453:8:NX_DISPTOP_CLKGEN_GetInputInv	0	static
nx_disptop_clkgen.c:471:6:NX_DISPTOP_CLKGEN_SetClockOutSelect	0	static
