nx_displaytop.c:52:7:NX_DISPLAYTOP_Initialize	0	static
nx_displaytop.c:74:6:NX_DISPLAYTOP_GetNumberOfModule	0	static
nx_displaytop.c:92:6:NX_DISPLAYTOP_GetPhysicalAddress	0	static
nx_displaytop.c:108:6:NX_DISPLAYTOP_GetSizeOfRegisterSet	0	static
nx_displaytop.c:123:6:NX_DISPLAYTOP_SetBaseAddress	0	static
nx_displaytop.c:139:6:NX_DISPLAYTOP_GetBaseAddress	0	static
nx_displaytop.c:157:7:NX_DISPLAYTOP_OpenModule	0	static
nx_displaytop.c:173:7:NX_DISPLAYTOP_CloseModule	0	static
nx_displaytop.c:191:7:NX_DISPLAYTOP_CheckBusy	0	static
nx_displaytop.c:200:6:NX_DISPLAYTOP_SetRESCONVMUX	0	static
nx_displaytop.c:213:6:NX_DISPLAYTOP_SetHDMIMUX	0	static
nx_displaytop.c:228:6:NX_DISPLAYTOP_SetMIPIMUX	0	static
nx_displaytop.c:243:6:NX_DISPLAYTOP_SetLVDSMUX	0	static
nx_displaytop.c:259:5:NX_DISPLAYTOP_GetResetNumber	0	static
nx_displaytop.c:273:6:NX_DISPLAYTOP_SetPrimaryMUX	0	static
nx_displaytop.c:293:6:NX_DISPLAYTOP_HDMI_SetVSyncStart	0	static
nx_displaytop.c:302:6:NX_DISPLAYTOP_HDMI_SetVSyncHSStartEnd	0	static
nx_displaytop.c:312:6:NX_DISPLAYTOP_HDMI_SetHActiveStart	0	static
nx_displaytop.c:321:6:NX_DISPLAYTOP_HDMI_SetHActiveEnd	0	static
