nx_gpio.c:94:15:NX_GPIO_SetBit	0	static
nx_gpio.c:124:16:NX_GPIO_GetBit	0	static
nx_gpio.c:144:15:NX_GPIO_SetBit2	0	static
nx_gpio.c:171:14:NX_GPIO_GetBit2	0	static
nx_gpio.c:191:7:NX_GPIO_Initialize	8	static
nx_gpio.c:221:6:NX_GPIO_GetNumberOfModule	0	static
nx_gpio.c:238:6:NX_GPIO_GetPhysicalAddress	0	static
nx_gpio.c:259:6:NX_GPIO_GetSizeOfRegisterSet	0	static
nx_gpio.c:275:6:NX_GPIO_SetBaseAddress	0	static
nx_gpio.c:292:6:NX_GPIO_GetBaseAddress	0	static
nx_gpio.c:310:7:NX_GPIO_OpenModule	0	static
nx_gpio.c:328:7:NX_GPIO_CloseModule	0	static
nx_gpio.c:346:7:NX_GPIO_CheckBusy	0	static
nx_gpio.c:368:7:NX_GPIO_GetInterruptNumber	40	static
nx_gpio.c:439:7:NX_GPIO_GetInterruptEnable	0	static
nx_gpio.c:470:6:NX_GPIO_SetInterruptEnable32	0	static
nx_gpio.c:499:6:NX_GPIO_GetInterruptEnable32	0	static
nx_gpio.c:522:7:NX_GPIO_GetInterruptPending	0	static
nx_gpio.c:554:6:NX_GPIO_GetInterruptPending32	0	static
nx_gpio.c:576:6:NX_GPIO_ClearInterruptPending	0	static
nx_gpio.c:603:6:NX_GPIO_ClearInterruptPending32	0	static
nx_gpio.c:627:6:NX_GPIO_SetInterruptEnableAll	0	static
nx_gpio.c:660:7:NX_GPIO_GetInterruptEnableAll	0	static
nx_gpio.c:686:7:NX_GPIO_GetInterruptPendingAll	0	static
nx_gpio.c:711:6:NX_GPIO_ClearInterruptPendingAll	0	static
nx_gpio.c:731:6:NX_GPIO_GetInterruptPendingNumber	0	static
nx_gpio.c:772:9:NX_GPIO_SetInterruptMode	16	static
nx_gpio.c:796:17:NX_GPIO_GetInterruptMode	0	static
nx_gpio.c:820:6:NX_GPIO_SetOutputEnable	0	static
nx_gpio.c:845:9:NX_GPIO_GetDetectEnable	0	static
nx_gpio.c:854:7:NX_GPIO_GetDetectEnable32	0	static
nx_gpio.c:875:8:NX_GPIO_SetDetectEnable	0	static
nx_gpio.c:401:6:NX_GPIO_SetInterruptEnable	12	static
nx_gpio.c:885:8:NX_GPIO_SetDetectEnable32	0	static
nx_gpio.c:907:7:NX_GPIO_GetOutputEnable	0	static
nx_gpio.c:931:6:NX_GPIO_SetOutputEnable32	0	static
nx_gpio.c:959:6:NX_GPIO_GetOutputEnable32	0	static
nx_gpio.c:982:6:NX_GPIO_SetOutputValue	0	static
nx_gpio.c:1006:7:NX_GPIO_GetOutputValue	0	static
nx_gpio.c:1030:6:NX_GPIO_SetOutputValue32	0	static
nx_gpio.c:1052:6:NX_GPIO_GetOutputValue32	0	static
nx_gpio.c:1076:7:NX_GPIO_GetInputValue	0	static
nx_gpio.c:1100:6:NX_GPIO_SetPullSelect	16	static
nx_gpio.c:1111:6:NX_GPIO_SetPullSelect32	0	static
nx_gpio.c:1132:7:NX_GPIO_GetPullSelect	0	static
nx_gpio.c:1140:6:NX_GPIO_GetPullSelect32	0	static
nx_gpio.c:1148:6:NX_GPIO_SetPullMode	16	static
nx_gpio.c:1188:6:NX_GPIO_SetPullEnable	16	static
nx_gpio.c:1199:6:NX_GPIO_SetPullEnable32	0	static
nx_gpio.c:1220:7:NX_GPIO_GetPullEnable	0	static
nx_gpio.c:1228:6:NX_GPIO_GetPullEnable32	0	static
nx_gpio.c:1254:6:NX_GPIO_SetPadFunction	0	static
nx_gpio.c:1264:6:NX_GPIO_SetPadFunction32_0	0	static
nx_gpio.c:1272:6:NX_GPIO_SetPadFunction32_1	0	static
nx_gpio.c:1293:17:NX_GPIO_GetPadFunction	0	static
nx_gpio.c:1316:6:NX_GPIO_GetValidBit	0	static
nx_gpio.c:1341:7:NX_GPIO_SetSLEW	0	static
nx_gpio.c:1366:6:NX_GPIO_GetSLEW	0	static
nx_gpio.c:1392:7:NX_GPIO_SetSLEW_DISABLE_DEFAULT	0	static
nx_gpio.c:1417:6:NX_GPIO_GetSLEW_DISABLE_DEFAULT	0	static
nx_gpio.c:1443:7:NX_GPIO_SetDRV1	0	static
nx_gpio.c:1468:6:NX_GPIO_GetDRV1	0	static
nx_gpio.c:1494:7:NX_GPIO_SetDRV1_DISABLE_DEFAULT	0	static
nx_gpio.c:1519:6:NX_GPIO_GetDRV1_DISABLE_DEFAULT	0	static
nx_gpio.c:1545:7:NX_GPIO_SetDRV0	0	static
nx_gpio.c:1570:6:NX_GPIO_GetDRV0	0	static
nx_gpio.c:1596:7:NX_GPIO_SetDRV0_DISABLE_DEFAULT	0	static
nx_gpio.c:1621:6:NX_GPIO_GetDRV0_DISABLE_DEFAULT	0	static
nx_gpio.c:1647:7:NX_GPIO_SetPULLSEL	0	static
nx_gpio.c:1672:6:NX_GPIO_GetPULLSEL	0	static
nx_gpio.c:1698:7:NX_GPIO_SetPULLSEL_DISABLE_DEFAULT	0	static
nx_gpio.c:1723:6:NX_GPIO_GetPULLSEL_DISABLE_DEFAULT	0	static
nx_gpio.c:1749:7:NX_GPIO_SetPULLENB	0	static
nx_gpio.c:1774:6:NX_GPIO_GetPULLENB	0	static
nx_gpio.c:1800:7:NX_GPIO_SetPULLENB_DISABLE_DEFAULT	0	static
nx_gpio.c:1825:6:NX_GPIO_GetPULLENB_DISABLE_DEFAULT	0	static
nx_gpio.c:1851:6:NX_GPIO_SetInputMuxSelect0	0	static
nx_gpio.c:1877:6:NX_GPIO_SetInputMuxSelect1	0	static
nx_gpio.c:1911:6:NX_GPIO_SetPadFunctionEnable	16	static
