nx_lvds.c:60:7:NX_LVDS_Initialize	0	static
nx_lvds.c:85:6:NX_LVDS_GetNumberOfModule	0	static
nx_lvds.c:99:6:NX_LVDS_GetSizeOfRegisterSet	0	static
nx_lvds.c:114:6:NX_LVDS_SetBaseAddress	0	static
nx_lvds.c:130:6:NX_LVDS_GetBaseAddress	0	static
nx_lvds.c:146:6:NX_LVDS_GetPhysicalAddress	0	static
nx_lvds.c:167:7:NX_LVDS_OpenModule	8	static
nx_lvds.c:185:7:NX_LVDS_CloseModule	8	static
nx_lvds.c:202:7:NX_LVDS_CheckBusy	8	static
nx_lvds.c:220:5:NX_LVDS_GetResetNumber	0	static
nx_lvds.c:386:6:NX_LVDS_SetLVDSCTRL0	0	static
nx_lvds.c:397:6:NX_LVDS_SetLVDSCTRL1	0	static
nx_lvds.c:408:6:NX_LVDS_SetLVDSCTRL2	0	static
nx_lvds.c:418:6:NX_LVDS_SetLVDSCTRL3	0	static
nx_lvds.c:428:6:NX_LVDS_SetLVDSCTRL4	0	static
nx_lvds.c:440:6:NX_LVDS_SetLVDSTMODE0	0	static
nx_lvds.c:452:6:NX_LVDS_SetLVDSLOC0	0	static
nx_lvds.c:462:6:NX_LVDS_SetLVDSLOC1	0	static
nx_lvds.c:473:6:NX_LVDS_SetLVDSLOC2	0	static
nx_lvds.c:484:6:NX_LVDS_SetLVDSLOC3	0	static
nx_lvds.c:495:6:NX_LVDS_SetLVDSLOC4	0	static
nx_lvds.c:506:6:NX_LVDS_SetLVDSLOC5	0	static
nx_lvds.c:517:6:NX_LVDS_SetLVDSLOC6	0	static
nx_lvds.c:528:6:NX_LVDS_SetLVDSLOCMASK0	0	static
nx_lvds.c:539:6:NX_LVDS_SetLVDSLOCMASK1	0	static
nx_lvds.c:550:6:NX_LVDS_SetLVDSLOCPOL0	0	static
nx_lvds.c:561:6:NX_LVDS_SetLVDSLOCPOL1	0	static
nx_lvds.c:580:6:NX_LVDS_SetLVDSDUMMY	0	static
nx_lvds.c:593:5:NX_LVDS_GetLVDSDUMMY	0	static
nx_lvds.c:610:5:NX_LVDS_GetLVDSCTRL0	0	static
nx_lvds.c:622:5:NX_LVDS_GetLVDSCTRL1	0	static
nx_lvds.c:633:5:NX_LVDS_GetLVDSCTRL2	0	static
nx_lvds.c:644:5:NX_LVDS_GetLVDSCTRL3	0	static
nx_lvds.c:655:5:NX_LVDS_GetLVDSCTRL4	0	static
