nx_mcus.c:24:19:__NX_MCUS_NFCONTROL_RESET_BIT	0	static
nx_mcus.c:48:7:NX_MCUS_Initialize	0	static
nx_mcus.c:67:6:NX_MCUS_GetNumberOfModule	0	static
nx_mcus.c:84:6:NX_MCUS_GetPhysicalAddress	0	static
nx_mcus.c:103:6:NX_MCUS_GetSizeOfRegisterSet	0	static
nx_mcus.c:118:6:NX_MCUS_SetBaseAddress	0	static
nx_mcus.c:133:6:NX_MCUS_GetBaseAddress	0	static
nx_mcus.c:148:7:NX_MCUS_OpenModule	0	static
nx_mcus.c:163:7:NX_MCUS_CloseModule	0	static
nx_mcus.c:178:7:NX_MCUS_CheckBusy	0	static
nx_mcus.c:199:6:NX_MCUS_GetInterruptNumber	0	static
nx_mcus.c:222:6:NX_MCUS_SetInterruptEnable	8	static
nx_mcus.c:249:6:NX_MCUS_SetECCInterruptEnable	8	static
nx_mcus.c:293:7:NX_MCUS_GetInterruptEnable	0	static
nx_mcus.c:304:7:NX_MCUS_GetECCInterruptEnable	0	static
nx_mcus.c:333:7:NX_MCUS_GetInterruptPending	0	static
nx_mcus.c:344:7:NX_MCUS_GetECCInterruptPending	0	static
nx_mcus.c:371:6:NX_MCUS_ClearInterruptPending	8	static
nx_mcus.c:394:6:NX_MCUS_ClearECCInterruptPending	8	static
nx_mcus.c:433:6:NX_MCUS_SetInterruptEnableAll	8	static
nx_mcus.c:541:6:NX_MCUS_ClearInterruptPendingAll	8	static
nx_mcus.c:583:6:NX_MCUS_SetInterruptEnable32	8	static
nx_mcus.c:607:6:NX_MCUS_SetECCInterruptEnable32	8	static
nx_mcus.c:647:5:NX_MCUS_GetInterruptEnable32	0	static
nx_mcus.c:657:5:NX_MCUS_GetECCInterruptEnable32	0	static
nx_mcus.c:683:5:NX_MCUS_GetInterruptPending32	0	static
nx_mcus.c:693:5:NX_MCUS_GetECCInterruptPending32	0	static
nx_mcus.c:719:6:NX_MCUS_ClearInterruptPending32	8	static
nx_mcus.c:741:6:NX_MCUS_ClearECCInterruptPending32	8	static
nx_mcus.c:779:6:NX_MCUS_GetInterruptPendingNumber	0	static
nx_mcus.c:801:6:NX_MCUS_GetECCInterruptPendingNumber	0	static
nx_mcus.c:842:17:NX_MCUS_GetISRAMCS	0	static
nx_mcus.c:866:17:NX_MCUS_GetIROMCS	0	static
nx_mcus.c:892:6:NX_MCUS_SetStaticBUSConfig	48	static
nx_mcus.c:1056:6:NX_MCUS_GetStaticBUSConfig	40	static
nx_mcus.c:1169:6:NX_MCUS_SetNANDBUSConfig	20	static
nx_mcus.c:1228:6:NX_MCUS_GetNANDBUSConfig	20	static
nx_mcus.c:1295:6:NX_MCUS_SetNFType	8	static
nx_mcus.c:1328:16:NX_MCUS_GetNFType	0	static
nx_mcus.c:1351:6:NX_MCUS_SetNFEXChannelEnable	8	static
nx_mcus.c:1384:7:NX_MCUS_GetNFEXChannelEnable	0	static
nx_mcus.c:1406:6:NX_MCUS_SetNFBank	8	static
nx_mcus.c:1436:6:NX_MCUS_GetNFBank	0	static
nx_mcus.c:1465:6:NX_MCUS_SetNFCSEnable	8	static
nx_mcus.c:1497:7:NX_MCUS_GetNFCSEnable	0	static
nx_mcus.c:1523:7:NX_MCUS_IsNFReady	0	static
nx_mcus.c:1553:6:NX_MCUS_SetAutoResetEnable	8	static
nx_mcus.c:1587:7:NX_MCUS_GetAutoResetEnable	0	static
nx_mcus.c:1610:6:NX_MCUS_ResetNFECCBlock	8	static
nx_mcus.c:1640:6:NX_MCUS_SetECCMode	8	static
nx_mcus.c:1671:6:NX_MCUS_GetECCMode	0	static
nx_mcus.c:1695:6:NX_MCUS_GetNFWriteDataCount	0	static
nx_mcus.c:1718:6:NX_MCUS_GetNFReadDataCount	0	static
nx_mcus.c:1744:7:NX_MCUS_IsNFError	0	static
nx_mcus.c:1770:7:NX_MCUS_IsNFReadEnd	0	static
nx_mcus.c:1796:7:NX_MCUS_IsNFWriteEnd	0	static
nx_mcus.c:1807:7:NX_MCUS_IsDecodeError	0	static
nx_mcus.c:1817:7:NX_MCUS_IsNFECCBusy	0	static
nx_mcus.c:1828:6:NX_MCUS_GetNumOfError	0	static
nx_mcus.c:1839:6:NX_MCUS_LoadELP	0	static
nx_mcus.c:1857:6:NX_MCUS_SetNFDecMode	0	static
nx_mcus.c:1876:17:NX_MCUS_GetNFDecMode	0	static
nx_mcus.c:1887:6:NX_MCUS_RunECCEncDec	0	static
nx_mcus.c:1918:6:NX_MCUS_GetNFECC4	0	static
nx_mcus.c:1946:6:NX_MCUS_GetNFECC8	0	static
nx_mcus.c:1965:6:NX_MCUS_GetNFECC12	0	static
nx_mcus.c:1995:6:NX_MCUS_GetNFECC16	0	static
nx_mcus.c:2030:6:NX_MCUS_GetNFECC24	0	static
nx_mcus.c:2074:6:NX_MCUS_SetNFOriginECC4	0	static
nx_mcus.c:2104:6:NX_MCUS_SetNFOriginECC8	0	static
nx_mcus.c:2120:6:NX_MCUS_SetNFOriginECC12	0	static
nx_mcus.c:2153:6:NX_MCUS_SetNFOriginECC16	0	static
nx_mcus.c:2188:6:NX_MCUS_SetNFOriginECC24	0	static
nx_mcus.c:2213:6:NX_MCUS_SetNFOriginECC40	0	static
nx_mcus.c:2231:6:NX_MCUS_SetNFOriginECC60	0	static
nx_mcus.c:2261:6:NX_MCUS_GetNFECCOddSyndrome4	0	static
nx_mcus.c:2297:6:NX_MCUS_GetNFECCOddSyndrome8	0	static
nx_mcus.c:2340:6:NX_MCUS_GetNFECCOddSyndrome12	0	static
nx_mcus.c:2392:6:NX_MCUS_GetNFECCOddSyndrome16	0	static
nx_mcus.c:2452:6:NX_MCUS_GetNFECCOddSyndrome24	0	static
nx_mcus.c:2517:9:NX_MCUS_GetNFECCOddSyndrome	8	static
nx_mcus.c:2543:6:NX_MCUS_SetNumOfELP	0	static
nx_mcus.c:2562:5:NX_MCUS_GetNumOfELP	0	static
nx_mcus.c:2573:6:NX_MCUS_SetParityCount	0	static
nx_mcus.c:2592:6:NX_MCUS_GetParityCount	0	static
nx_mcus.c:2603:6:NX_MCUS_SetNANDRWDataNum	0	static
nx_mcus.c:2622:6:NX_MCUS_GetNANDRWDataNum	0	static
nx_mcus.c:2633:6:NX_MCUS_SetNANDECCAutoMode	0	static
nx_mcus.c:2649:6:NX_MCUS_SetELP4	0	static
nx_mcus.c:2666:6:NX_MCUS_SetELP8	0	static
nx_mcus.c:2689:6:NX_MCUS_SetELP12	0	static
nx_mcus.c:2719:6:NX_MCUS_SetELP16	0	static
nx_mcus.c:2754:6:NX_MCUS_SetELP24	0	static
nx_mcus.c:2802:9:NX_MCUS_SetELP	8	static
nx_mcus.c:2821:6:NX_MCUS_GetErrLoc4	0	static
nx_mcus.c:2838:6:NX_MCUS_GetErrLoc8	0	static
nx_mcus.c:2861:6:NX_MCUS_GetErrLoc12	0	static
nx_mcus.c:2890:6:NX_MCUS_GetErrLoc16	0	static
nx_mcus.c:2926:6:NX_MCUS_GetErrLoc24	0	static
nx_mcus.c:2944:6:NX_MCUS_GetErrLoc40	0	static
nx_mcus.c:2962:6:NX_MCUS_GetErrLoc60	0	static
nx_mcus.c:2980:7:NX_MCUS_WriteNANDAddress	0	static
nx_mcus.c:2984:7:NX_MCUS_WriteNANDCommand	0	static
nx_mcus.c:2988:7:NX_MCUS_WriteNANDData	0	static
nx_mcus.c:2992:7:NX_MCUS_ReadNANDData	0	static
nx_mcus.c:3026:6:NX_MCUS_SetNANDECCCONFIG	12	static
nx_mcus.c:3037:5:NX_MCUS_GetErrorPos	0	static
