nx_mlc.c:37:7:NX_MLC_Initialize	0	static
nx_mlc.c:61:6:NX_MLC_GetNumberOfModule	0	static
nx_mlc.c:78:6:NX_MLC_GetPhysicalAddress	8	static
nx_mlc.c:98:6:NX_MLC_GetSizeOfRegisterSet	0	static
nx_mlc.c:114:6:NX_MLC_SetBaseAddress	0	static
nx_mlc.c:132:6:NX_MLC_GetBaseAddress	0	static
nx_mlc.c:150:7:NX_MLC_OpenModule	0	static
nx_mlc.c:168:7:NX_MLC_CloseModule	0	static
nx_mlc.c:186:7:NX_MLC_CheckBusy	0	static
nx_mlc.c:204:7:NX_MLC_CanPowerDown	0	static
nx_mlc.c:222:8:NX_MLC_SetClockPClkMode	0	static
nx_mlc.c:260:13:NX_MLC_GetClockPClkMode	0	static
nx_mlc.c:284:8:NX_MLC_SetClockBClkMode	0	static
nx_mlc.c:320:13:NX_MLC_GetClockBClkMode	0	static
nx_mlc.c:372:6:NX_MLC_SetTopPowerMode	0	static
nx_mlc.c:410:7:NX_MLC_GetTopPowerMode	0	static
nx_mlc.c:453:6:NX_MLC_SetTopSleepMode	0	static
nx_mlc.c:492:7:NX_MLC_GetTopSleepMode	0	static
nx_mlc.c:520:6:NX_MLC_SetTopDirtyFlag	0	static
nx_mlc.c:554:7:NX_MLC_GetTopDirtyFlag	0	static
nx_mlc.c:581:6:NX_MLC_SetMLCEnable	0	static
nx_mlc.c:621:7:NX_MLC_GetMLCEnable	0	static
nx_mlc.c:648:6:NX_MLC_SetFieldEnable	0	static
nx_mlc.c:688:7:NX_MLC_GetFieldEnable	0	static
nx_mlc.c:715:6:NX_MLC_SetLayerPriority	0	static
nx_mlc.c:759:6:NX_MLC_SetScreenSize	0	static
nx_mlc.c:792:6:NX_MLC_GetScreenSize	0	static
nx_mlc.c:824:6:NX_MLC_SetBackground	0	static
nx_mlc.c:860:6:NX_MLC_SetDirtyFlag	0	static
nx_mlc.c:909:7:NX_MLC_GetDirtyFlag	0	static
nx_mlc.c:954:6:NX_MLC_SetLayerEnable	0	static
nx_mlc.c:1012:7:NX_MLC_GetLayerEnable	0	static
nx_mlc.c:1053:6:NX_MLC_SetLockSize	0	static
nx_mlc.c:1112:6:NX_MLC_SetAlphaBlending	0	static
nx_mlc.c:1188:6:NX_MLC_SetTransparency	0	static
nx_mlc.c:1251:6:NX_MLC_SetColorInversion	0	static
nx_mlc.c:1317:6:NX_MLC_GetExtendedColor	56	static
nx_mlc.c:1416:6:NX_MLC_SetFormatRGB	0	static
nx_mlc.c:1462:6:NX_MLC_SetFormatYUV	0	static
nx_mlc.c:1506:6:NX_MLC_SetPosition	12	static
nx_mlc.c:1564:6:NX_MLC_SetDitherEnableWhenUsingGamma	0	static
nx_mlc.c:1603:7:NX_MLC_GetDitherEnableWhenUsingGamma	0	static
nx_mlc.c:1631:6:NX_MLC_SetGammaPriority	0	static
nx_mlc.c:1669:7:NX_MLC_GetGammaPriority	0	static
nx_mlc.c:1705:6:NX_MLC_SetRGBLayerInvalidPosition	12	static
nx_mlc.c:1768:6:NX_MLC_SetRGBLayerStride	0	static
nx_mlc.c:1815:6:NX_MLC_SetRGBLayerAddress	0	static
nx_mlc.c:1864:6:NX_MLC_SetRGBLayerGamaTablePowerMode	0	static
nx_mlc.c:1915:6:NX_MLC_GetRGBLayerGamaTablePowerMode	0	static
nx_mlc.c:1959:6:NX_MLC_SetRGBLayerGamaTableSleepMode	0	static
nx_mlc.c:2010:6:NX_MLC_GetRGBLayerGamaTableSleepMode	0	static
nx_mlc.c:2050:6:NX_MLC_SetRGBLayerRGammaTable	0	static
nx_mlc.c:2081:6:NX_MLC_SetRGBLayerGGammaTable	0	static
nx_mlc.c:2112:6:NX_MLC_SetRGBLayerBGammaTable	0	static
nx_mlc.c:2143:6:NX_MLC_SetRGBLayerGammaEnable	0	static
nx_mlc.c:2179:7:NX_MLC_GetRGBLayerGammaEnable	0	static
nx_mlc.c:2215:6:NX_MLC_SetVideoLayerStride	0	static
nx_mlc.c:2266:6:NX_MLC_SetVideoLayerAddress	0	static
nx_mlc.c:2310:6:NX_MLC_SetVideoLayerAddressYUYV	0	static
nx_mlc.c:2360:6:NX_MLC_SetVideoLayerScaleFactor	0	static
nx_mlc.c:2415:6:NX_MLC_SetVideoLayerScaleFilter	0	static
nx_mlc.c:2466:6:NX_MLC_GetVideoLayerScaleFilter	8	static
nx_mlc.c:2517:6:NX_MLC_SetVideoLayerScale	32	static
nx_mlc.c:2593:6:NX_MLC_SetVideoLayerLumaEnhance	0	static
nx_mlc.c:2657:6:NX_MLC_SetVideoLayerChromaEnhance	0	static
nx_mlc.c:2738:6:NX_MLC_SetVideoLayerLineBufferPowerMode	0	static
nx_mlc.c:2778:7:NX_MLC_GetVideoLayerLineBufferPowerMode	0	static
nx_mlc.c:2830:6:NX_MLC_SetVideoLayerLineBufferSleepMode	0	static
nx_mlc.c:2871:7:NX_MLC_GetVideoLayerLineBufferSleepMode	0	static
nx_mlc.c:2911:6:NX_MLC_SetVideoLayerGamaTablePowerMode	0	static
nx_mlc.c:2965:6:NX_MLC_GetVideoLayerGamaTablePowerMode	0	static
nx_mlc.c:3012:6:NX_MLC_SetVideoLayerGamaTableSleepMode	0	static
nx_mlc.c:3065:6:NX_MLC_GetVideoLayerGamaTableSleepMode	0	static
nx_mlc.c:3107:6:NX_MLC_SetVideoLayerGammaEnable	0	static
nx_mlc.c:3146:7:NX_MLC_GetVideoLayerGammaEnable	0	static
nx_mlc.c:3170:1:NX_MLC_SetMLCTopControlParameter	8	static
nx_mlc.c:3252:5:NX_MLC_GetRGBFormat	120	static
nx_mlc.c:3201:1:NX_MLC_SetRGB0LayerControlParameter	24	static
nx_mlc.c:3296:1:NX_MLC_SetRGB1LayerControlParameter	24	static
nx_mlc.c:3348:1:NX_MLC_SetRGB2LayerControlParameter	24	static
nx_mlc.c:3400:1:NX_MLC_SetVideoLayerControlParameter	0	static
nx_mlc.c:3443:6:NX_MLC_SetSRAMMODE	0	static
nx_mlc.c:3487:1:NX_MLC_SetLayerRegFinish	0	static
nx_mlc.c:3537:1:NX_MLC_SetVideoLayerCoordinate	24	static
nx_mlc.c:3600:6:NX_MLC_SetGammaControlParameter	8	static
nx_mlc.c:3629:6:NX_MLC_SetLayerAlpha256	0	static
