nx_pwm.c:34:7:NX_PWM_Initialize	0	static
nx_pwm.c:58:6:NX_PWM_GetNumberOfModule	0	static
nx_pwm.c:69:6:NX_PWM_GetNumberOfSubModule	0	static
nx_pwm.c:86:6:NX_PWM_GetPhysicalAddress	0	static
nx_pwm.c:104:6:NX_PWM_GetSizeOfRegisterSet	0	static
nx_pwm.c:120:6:NX_PWM_SetBaseAddress	0	static
nx_pwm.c:138:6:NX_PWM_GetBaseAddress	0	static
nx_pwm.c:156:7:NX_PWM_OpenModule	0	static
nx_pwm.c:199:7:NX_PWM_CloseModule	0	static
nx_pwm.c:242:7:NX_PWM_CheckBusy	0	static
nx_pwm.c:260:7:NX_PWM_CanPowerDown	0	static
nx_pwm.c:292:5:NX_PWM_GetClockNumber	24	static
nx_pwm.c:317:5:NX_PWM_GetResetNumber	0	static
nx_pwm.c:341:6:NX_PWM_GetInterruptNumber	80	static
nx_pwm.c:371:6:NX_PWM_SetInterruptEnable	0	static
nx_pwm.c:407:7:NX_PWM_GetInterruptEnable	0	static
nx_pwm.c:431:7:NX_PWM_GetInterruptPending	0	static
nx_pwm.c:454:6:NX_PWM_ClearInterruptPending	0	static
nx_pwm.c:486:6:NX_PWM_SetInterruptEnableAll	0	static
nx_pwm.c:519:7:NX_PWM_GetInterruptEnableAll	0	static
nx_pwm.c:547:7:NX_PWM_GetInterruptPendingAll	0	static
nx_pwm.c:574:6:NX_PWM_ClearInterruptPendingAll	0	static
nx_pwm.c:603:6:NX_PWM_GetInterruptPendingNumber	0	static
nx_pwm.c:634:6:NX_PWM_SetTCFG0	0	static
nx_pwm.c:641:6:NX_PWM_GetTCFG0	0	static
nx_pwm.c:649:6:NX_PWM_SetTCFG1	0	static
nx_pwm.c:656:6:NX_PWM_GetTCFG1	0	static
nx_pwm.c:671:6:NX_PWM_SetTCON	0	static
nx_pwm.c:704:6:NX_PWM_GetTCON	0	static
nx_pwm.c:713:6:NX_PWM_SetTCNTB0	0	static
nx_pwm.c:720:6:NX_PWM_GetTCNTB0	0	static
nx_pwm.c:728:6:NX_PWM_SetTCMPB0	0	static
nx_pwm.c:735:6:NX_PWM_GetTCMPB0	0	static
nx_pwm.c:743:6:NX_PWM_GetTCNTO0	0	static
nx_pwm.c:752:6:NX_PWM_SetTCNTB1	0	static
nx_pwm.c:759:6:NX_PWM_GetTCNTB1	0	static
nx_pwm.c:767:6:NX_PWM_SetTCMPB1	0	static
nx_pwm.c:774:6:NX_PWM_GetTCMPB1	0	static
nx_pwm.c:782:6:NX_PWM_GetTCNTO1	0	static
nx_pwm.c:791:6:NX_PWM_SetTCNTB2	0	static
nx_pwm.c:798:6:NX_PWM_GetTCNTB2	0	static
nx_pwm.c:806:6:NX_PWM_SetTCMPB2	0	static
nx_pwm.c:813:6:NX_PWM_GetTCMPB2	0	static
nx_pwm.c:821:6:NX_PWM_GetTCNTO2	0	static
nx_pwm.c:830:6:NX_PWM_SetTCNTB3	0	static
nx_pwm.c:837:6:NX_PWM_GetTCNTB3	0	static
nx_pwm.c:845:6:NX_PWM_SetTCMPB3	0	static
nx_pwm.c:852:6:NX_PWM_GetTCMPB3	0	static
nx_pwm.c:860:6:NX_PWM_GetTCNTO3	0	static
nx_pwm.c:869:6:NX_PWM_SetTCNTB4	0	static
nx_pwm.c:876:6:NX_PWM_GetTCNTB4	0	static
nx_pwm.c:884:6:NX_PWM_GetTCNTO4	0	static
nx_pwm.c:893:6:NX_PWM_SetTINT_CSTAT	0	static
nx_pwm.c:900:6:NX_PWM_GetTINT_CSTAT	0	static
