nx_rtc.c:36:7:NX_RTC_Initialize	0	static
nx_rtc.c:54:6:NX_RTC_GetNumberOfModule	0	static
nx_rtc.c:70:6:NX_RTC_GetPhysicalAddress	0	static
nx_rtc.c:84:6:NX_RTC_GetSizeOfRegisterSet	0	static
nx_rtc.c:99:6:NX_RTC_SetBaseAddress	0	static
nx_rtc.c:114:6:NX_RTC_GetBaseAddress	0	static
nx_rtc.c:129:7:NX_RTC_OpenModule	0	static
nx_rtc.c:144:7:NX_RTC_CloseModule	0	static
nx_rtc.c:199:6:NX_RTC_GetInterruptNumber	0	static
nx_rtc.c:221:6:NX_RTC_SetInterruptEnable	0	static
nx_rtc.c:257:7:NX_RTC_GetInterruptEnable	0	static
nx_rtc.c:280:6:NX_RTC_SetInterruptEnable32	0	static
nx_rtc.c:310:6:NX_RTC_GetInterruptEnable32	0	static
nx_rtc.c:336:7:NX_RTC_GetInterruptPending	0	static
nx_rtc.c:360:6:NX_RTC_GetInterruptPending32	0	static
nx_rtc.c:382:6:NX_RTC_ClearInterruptPending	0	static
nx_rtc.c:410:6:NX_RTC_ClearInterruptPending32	0	static
nx_rtc.c:438:6:NX_RTC_SetInterruptEnableAll	0	static
nx_rtc.c:470:7:NX_RTC_GetInterruptEnableAll	0	static
nx_rtc.c:495:7:NX_RTC_GetInterruptPendingAll	0	static
nx_rtc.c:519:6:NX_RTC_ClearInterruptPendingAll	0	static
nx_rtc.c:543:6:NX_RTC_GetInterruptPendingNumber	0	static
nx_rtc.c:576:7:NX_RTC_SetAlarmCounter	0	static
nx_rtc.c:595:6:NX_RTC_GetAlarmCounter	0	static
nx_rtc.c:612:7:NX_RTC_IsBusyAlarmCounter	0	static
nx_rtc.c:642:6:NX_RTC_SetRTCCounter	0	static
nx_rtc.c:661:6:NX_RTC_GetRTCCounter	0	static
nx_rtc.c:678:7:NX_RTC_IsBusyRTCCounter	0	static
nx_rtc.c:159:7:NX_RTC_CheckBusy	8	static
nx_rtc.c:174:7:NX_RTC_CanPowerDown	8	static
nx_rtc.c:686:6:NX_RTC_SetOscSel	8	static
nx_rtc.c:714:6:NX_RTC_SetRTCCounterWriteEnable	0	static
nx_rtc.c:745:9:NX_RTC_SetRestDelay	0	static
nx_rtc.c:763:19:NX_RTC_GetRestDelay	0	static
nx_rtc.c:771:7:NX_RTC_SetScratch	0	static
nx_rtc.c:777:7:NX_RTC_GetScratch	0	static
