nx_sdmmc.c:39:9:NX_SDMMC_Initialize	0	static
nx_sdmmc.c:63:9:NX_SDMMC_GetNumberOfModule	0	static
nx_sdmmc.c:81:9:NX_SDMMC_GetPhysicalAddress	0	static
nx_sdmmc.c:102:9:NX_SDMMC_GetSizeOfRegisterSet	0	static
nx_sdmmc.c:134:9:NX_SDMMC_SetBaseAddress	0	static
nx_sdmmc.c:152:9:NX_SDMMC_GetBaseAddress	0	static
nx_sdmmc.c:192:9:NX_SDMMC_OpenModule	0	static
nx_sdmmc.c:220:9:NX_SDMMC_CloseModule	0	static
nx_sdmmc.c:299:9:NX_SDMMC_GetInterruptNumber	16	static
nx_sdmmc.c:324:9:NX_SDMMC_SetInterruptEnable	0	static
nx_sdmmc.c:358:9:NX_SDMMC_GetInterruptEnable	0	static
nx_sdmmc.c:385:9:NX_SDMMC_GetInterruptPending	0	static
nx_sdmmc.c:408:9:NX_SDMMC_ClearInterruptPending	0	static
nx_sdmmc.c:431:9:NX_SDMMC_SetInterruptEnableAll	0	static
nx_sdmmc.c:458:9:NX_SDMMC_GetInterruptEnableAll	0	static
nx_sdmmc.c:487:9:NX_SDMMC_GetInterruptPendingAll	0	static
nx_sdmmc.c:511:9:NX_SDMMC_ClearInterruptPendingAll	0	static
nx_sdmmc.c:535:9:NX_SDMMC_GetInterruptPendingNumber	0	static
nx_sdmmc.c:577:9:NX_SDMMC_SetInterruptEnable32	0	static
nx_sdmmc.c:601:5:NX_SDMMC_GetInterruptEnable32	0	static
nx_sdmmc.c:625:5:NX_SDMMC_GetInterruptPending32	0	static
nx_sdmmc.c:649:9:NX_SDMMC_ClearInterruptPending32	0	static
nx_sdmmc.c:669:9:NX_SDMMC_GetClockNumber	0	static
nx_sdmmc.c:690:9:NX_SDMMC_GetResetNumber	16	static
nx_sdmmc.c:707:9:NX_SDMMC_SetPowerEnable	0	static
nx_sdmmc.c:724:9:NX_SDMMC_GetPowerEnable	0	static
nx_sdmmc.c:745:9:NX_SDMMC_AbortReadData	0	static
nx_sdmmc.c:771:9:NX_SDMMC_SendIRQResponse	0	static
nx_sdmmc.c:798:9:NX_SDMMC_SetReadWait	0	static
nx_sdmmc.c:834:9:NX_SDMMC_ResetDMAC	0	static
nx_sdmmc.c:862:9:NX_SDMMC_SetDMAMode	0	static
nx_sdmmc.c:880:6:NX_SDMMC_SetUseInternalDMAC	0	static
nx_sdmmc.c:906:9:NX_SDMMC_IsDMAReq	0	static
nx_sdmmc.c:925:9:NX_SDMMC_IsDMAAck	0	static
nx_sdmmc.c:955:9:NX_SDMMC_ResetFIFO	0	static
nx_sdmmc.c:984:9:NX_SDMMC_IsResetFIFO	0	static
nx_sdmmc.c:1015:9:NX_SDMMC_ResetController	0	static
nx_sdmmc.c:1044:9:NX_SDMMC_IsResetController	0	static
nx_sdmmc.c:1127:9:NX_SDMMC_SetOutputClockDivider	0	static
nx_sdmmc.c:1146:9:NX_SDMMC_GetOutputClockDivider	0	static
nx_sdmmc.c:1176:9:NX_SDMMC_SetLowPowerClockMode	0	static
nx_sdmmc.c:1203:9:NX_SDMMC_GetLowPowerClockMode	0	static
nx_sdmmc.c:1227:9:NX_SDMMC_SetOutputClockEnable	0	static
nx_sdmmc.c:1254:9:NX_SDMMC_GetOutputClockEnable	0	static
nx_sdmmc.c:1274:9:NX_SDMMC_SetDriveClockShiftPhase	0	static
nx_sdmmc.c:1296:21:NX_SDMMC_GetDriveClockShiftPhase	0	static
nx_sdmmc.c:1307:9:NX_SDMMC_SetSampleClockShiftPhase	0	static
nx_sdmmc.c:1329:21:NX_SDMMC_GetSampleClockShiftPhase	0	static
nx_sdmmc.c:1340:9:NX_SDMMC_SetDriveClockDelay	0	static
nx_sdmmc.c:1359:9:NX_SDMMC_GetDriveClockDelay	0	static
nx_sdmmc.c:1370:9:NX_SDMMC_SetSampleClockDelay	0	static
nx_sdmmc.c:1389:9:NX_SDMMC_GetSampleClockDelay	0	static
nx_sdmmc.c:1438:9:NX_SDMMC_SetDataTimeOut	0	static
nx_sdmmc.c:1465:9:NX_SDMMC_GetDataTimeOut	0	static
nx_sdmmc.c:1492:9:NX_SDMMC_SetResponseTimeOut	0	static
nx_sdmmc.c:1519:9:NX_SDMMC_GetResponseTimeOut	0	static
nx_sdmmc.c:1541:9:NX_SDMMC_SetDataBusWidth	0	static
nx_sdmmc.c:1558:9:NX_SDMMC_GetDataBusWidth	0	static
nx_sdmmc.c:1578:9:NX_SDMMC_SetBlockSize	0	static
nx_sdmmc.c:1595:9:NX_SDMMC_GetBlockSize	0	static
nx_sdmmc.c:1616:9:NX_SDMMC_SetByteCount	0	static
nx_sdmmc.c:1632:9:NX_SDMMC_GetByteCount	0	static
nx_sdmmc.c:1647:9:NX_SDMMC_SetCommandArgument	0	static
nx_sdmmc.c:1678:9:NX_SDMMC_SetCommand	0	static
nx_sdmmc.c:1701:9:NX_SDMMC_StartCommand	0	static
nx_sdmmc.c:1735:9:NX_SDMMC_IsCommandBusy	0	static
nx_sdmmc.c:1753:9:NX_SDMMC_GetShortResponse	0	static
nx_sdmmc.c:1771:9:NX_SDMMC_GetLongResponse	0	static
nx_sdmmc.c:1807:9:NX_SDMMC_GetAutoStopResponse	0	static
nx_sdmmc.c:1823:9:NX_SDMMC_GetResponseIndex	0	static
nx_sdmmc.c:1861:9:NX_SDMMC_SetFIFORxThreshold	0	static
nx_sdmmc.c:1891:9:NX_SDMMC_GetFIFORxThreshold	0	static
nx_sdmmc.c:1927:9:NX_SDMMC_SetFIFOTxThreshold	0	static
nx_sdmmc.c:1957:9:NX_SDMMC_GetFIFOTxThreshold	0	static
nx_sdmmc.c:1978:9:NX_SDMMC_GetFIFOCount	0	static
nx_sdmmc.c:2001:9:NX_SDMMC_IsFIFOFull	0	static
nx_sdmmc.c:2024:9:NX_SDMMC_IsFIFOEmpty	0	static
nx_sdmmc.c:2049:9:NX_SDMMC_IsFIFOTxThreshold	0	static
nx_sdmmc.c:2074:9:NX_SDMMC_IsFIFORxThreshold	0	static
nx_sdmmc.c:2092:9:NX_SDMMC_GetDataTransferSize	0	static
nx_sdmmc.c:2107:9:NX_SDMMC_GetFIFOTransferSize	0	static
nx_sdmmc.c:2128:9:NX_SDMMC_SetData	0	static
nx_sdmmc.c:2149:9:NX_SDMMC_GetData	0	static
nx_sdmmc.c:2171:9:NX_SDMMC_SetData32	0	static
nx_sdmmc.c:2210:9:NX_SDMMC_GetData32	0	static
nx_sdmmc.c:2250:17:NX_SDMMC_GetDataPointer	0	static
nx_sdmmc.c:2262:9:NX_SDMMC_MakeBIU	12	static
nx_sdmmc.c:2305:9:NX_SDMMC_GetDataBIU	0	static
nx_sdmmc.c:2314:9:NX_SDMMC_SetDataBIU	0	static
nx_sdmmc.c:2323:6:NX_SDMMC_PollDemand	0	static
nx_sdmmc.c:2331:6:NX_SDMMC_SetDMACStatus	0	static
nx_sdmmc.c:2339:5:NX_SDMMC_GetDMACStatus	0	static
nx_sdmmc.c:2347:6:NX_SDMMC_SetDMACIntEnable	0	static
nx_sdmmc.c:2355:5:NX_SDMMC_GetDMACIntEnable	0	static
nx_sdmmc.c:2363:7:NX_SDMMC_GetDMACResetStatus	0	static
nx_sdmmc.c:2371:6:NX_SDMMC_SetDMACBurstLength	0	static
nx_sdmmc.c:2419:6:NX_SDMMC_SetIDMACEnable	0	static
nx_sdmmc.c:2436:7:NX_SDMMC_GetIDMACEnable	0	static
nx_sdmmc.c:2444:6:NX_SDMMC_SetDescSkipLen	0	static
nx_sdmmc.c:2461:5:NX_SDMMC_GetDescSkipLen	0	static
nx_sdmmc.c:2469:6:NX_SDMMC_ResetIDMAC	0	static
nx_sdmmc.c:2484:7:NX_SDMMC_IsResetIDMAC	0	static
nx_sdmmc.c:2492:6:NX_SDMMC_SetDebounce	0	static
nx_sdmmc.c:2501:5:NX_SDMMC_GetDebounce	0	static
nx_sdmmc.c:2509:7:NX_SDMMC_IsIDMACSupported	0	static
nx_sdmmc.c:2534:9:NX_SDMMC_SetCardVoltage	0	static
nx_sdmmc.c:2552:9:NX_SDMMC_GetCardVoltage	0	static
nx_sdmmc.c:2569:9:NX_SDMMC_IsDataTransferBusy	0	static
nx_sdmmc.c:2589:9:NX_SDMMC_IsCardDataBusy	0	static
nx_sdmmc.c:2617:9:NX_SDMMC_IsCardPresent	0	static
nx_sdmmc.c:2635:9:NX_SDMMC_SetDDRMode	0	static
nx_sdmmc.c:2652:9:NX_SDMMC_GetDDRMode	0	static
nx_sdmmc.c:2660:9:NX_SDMMC_SetVoltageMode	0	static
nx_sdmmc.c:2677:9:NX_SDMMC_GetVoltageMode	0	static
nx_sdmmc.c:2692:17:NX_SDMMC_GetCommandFSM	0	static
nx_sdmmc.c:249:9:NX_SDMMC_CheckBusy	8	static
nx_sdmmc.c:271:9:NX_SDMMC_CanPowerDown	8	static
