nx_usb20otg.c:43:7:NX_USB20OTG_Initialize	8	static
nx_usb20otg.c:63:7:NX_USB20OTG_GetNumberOfModule	0	static
nx_usb20otg.c:73:7:NX_USB20OTG_GetSizeOfRegisterSet	0	static
nx_usb20otg.c:84:6:NX_USB20OTG_SetBaseAddress	0	static
nx_usb20otg.c:95:5:NX_USB20OTG_GetBaseAddress	0	static
nx_usb20otg.c:107:7:NX_USB20OTG_GetPhysicalAddress	0	static
nx_usb20otg.c:120:7:NX_USB20OTG_OpenModule	0	static
nx_usb20otg.c:133:7:NX_USB20OTG_CloseModule	0	static
nx_usb20otg.c:145:7:NX_USB20OTG_CheckBusy	0	static
nx_usb20otg.c:160:6:NX_USB20OTG_GetClockNumber	0	static
nx_usb20otg.c:181:6:NX_USB20OTG_GetResetNumber	0	static
nx_usb20otg.c:202:7:NX_USB20OTG_GetInterruptNumber	0	static
nx_usb20otg.c:221:6:NX_USB20OTG_SetInterruptEnableAll	0	static
nx_usb20otg.c:246:7:NX_USB20OTG_GetInterruptEnableAll	0	static
nx_usb20otg.c:261:7:NX_USB20OTG_GetInterruptPendingAll	0	static
nx_usb20otg.c:279:6:NX_USB20OTG_ClearInterruptPendingAll	0	static
nx_usb20otg.c:299:6:NX_USB20OTG_GetInterruptPendingNumber	0	static
nx_usb20otg.c:326:6:OTG_SetGOTGCTL	0	static
nx_usb20otg.c:331:6:OTG_SetGOTGINT	0	static
nx_usb20otg.c:336:6:OTG_SetGAHBCFG	0	static
nx_usb20otg.c:341:6:OTG_SetGUSBCFG	0	static
nx_usb20otg.c:346:6:OTG_SetGRSTCTL	0	static
nx_usb20otg.c:351:6:OTG_SetGINTSTS	0	static
nx_usb20otg.c:356:6:OTG_SetGINTMSK	0	static
nx_usb20otg.c:361:6:OTG_SetGRXSTSR	0	static
nx_usb20otg.c:366:6:OTG_SetGRXSTSP	0	static
nx_usb20otg.c:371:6:OTG_SetGRXFSIZ	0	static
nx_usb20otg.c:376:6:OTG_SetGNPTXFSIZ	0	static
nx_usb20otg.c:381:6:OTG_SetGNPTXSTS	0	static
nx_usb20otg.c:386:6:OTG_SetGI2CCTL	0	static
nx_usb20otg.c:391:6:OTG_SetGPVNDCTL	0	static
nx_usb20otg.c:396:6:OTG_SetGGPIO	0	static
nx_usb20otg.c:401:6:OTG_SetGUID	0	static
nx_usb20otg.c:406:6:OTG_SetGSNPSID	0	static
nx_usb20otg.c:411:6:OTG_SetGHWCFG1	0	static
nx_usb20otg.c:416:6:OTG_SetGHWCFG2	0	static
nx_usb20otg.c:421:6:OTG_SetGHWCFG3	0	static
nx_usb20otg.c:426:6:OTG_SetGHWCFG4	0	static
nx_usb20otg.c:431:6:OTG_SetGLPMCFG	0	static
nx_usb20otg.c:436:6:OTG_SetHPTXFSIZ	0	static
nx_usb20otg.c:441:6:OTG_SetHCFG	0	static
nx_usb20otg.c:446:6:OTG_SetHFIR	0	static
nx_usb20otg.c:451:6:OTG_SetHFNUM	0	static
nx_usb20otg.c:456:6:OTG_SetHPTXSTS	0	static
nx_usb20otg.c:461:6:OTG_SetHAINT	0	static
nx_usb20otg.c:466:6:OTG_SetHAINTMSK	0	static
nx_usb20otg.c:471:6:OTG_SetHPRT	0	static
nx_usb20otg.c:476:6:OTG_SetDCFG	0	static
nx_usb20otg.c:481:6:OTG_SetDCTL	0	static
nx_usb20otg.c:486:6:OTG_SetDSTS	0	static
nx_usb20otg.c:491:6:OTG_SetDIEPMSK	0	static
nx_usb20otg.c:496:6:OTG_SetDOEPMSK	0	static
nx_usb20otg.c:501:6:OTG_SetDAINT	0	static
nx_usb20otg.c:506:6:OTG_SetDAINTMSK	0	static
nx_usb20otg.c:511:6:OTG_SetDTKNQR1	0	static
nx_usb20otg.c:516:6:OTG_SetDTKNQR2	0	static
nx_usb20otg.c:521:6:OTG_SetDVBUSDIS	0	static
nx_usb20otg.c:526:6:OTG_SetDVBUSPULSE	0	static
nx_usb20otg.c:531:6:OTG_SetDTKNQR3	0	static
nx_usb20otg.c:536:6:OTG_SetDTKNQR4	0	static
nx_usb20otg.c:541:6:OTG_SetPCGCCTL	0	static
nx_usb20otg.c:603:6:OTG_SetDPTXFSIZ	0	static
nx_usb20otg.c:608:6:OTG_SetHCCHAR	0	static
nx_usb20otg.c:613:6:OTG_SetHCSPLT	0	static
nx_usb20otg.c:618:6:OTG_SetHCINT	0	static
nx_usb20otg.c:623:6:OTG_SetHCINTMSK	0	static
nx_usb20otg.c:628:6:OTG_SetHCTSIZ	0	static
nx_usb20otg.c:633:6:OTG_SetHCDMA	0	static
nx_usb20otg.c:638:6:OTG_SetDIEPCTL	0	static
nx_usb20otg.c:643:6:OTG_SetDIEPINT	0	static
nx_usb20otg.c:648:6:OTG_SetDIEPTSIZ	0	static
nx_usb20otg.c:653:6:OTG_SetDIEPDMA	0	static
nx_usb20otg.c:658:6:OTG_SetDOEPCTL	0	static
nx_usb20otg.c:663:6:OTG_SetDOEPINT	0	static
nx_usb20otg.c:668:6:OTG_SetDOEPTSIZ	0	static
nx_usb20otg.c:673:6:OTG_SetDOEPDMA	0	static
nx_usb20otg.c:678:6:OTG_SetHCSR	24	static
nx_usb20otg.c:690:6:OTG_SetDIESR	16	static
nx_usb20otg.c:698:6:OTG_SetDOESR	16	static
nx_usb20otg.c:709:6:OTG_GetGOTGCTL	0	static
nx_usb20otg.c:714:6:OTG_GetGOTGINT	0	static
nx_usb20otg.c:719:6:OTG_GetGAHBCFG	0	static
nx_usb20otg.c:724:6:OTG_GetGUSBCFG	0	static
nx_usb20otg.c:729:6:OTG_GetGRSTCTL	0	static
nx_usb20otg.c:734:6:OTG_GetGINTSTS	0	static
nx_usb20otg.c:739:6:OTG_GetGINTMSK	0	static
nx_usb20otg.c:744:6:OTG_GetGRXSTSR	0	static
nx_usb20otg.c:749:6:OTG_GetGRXSTSP	0	static
nx_usb20otg.c:754:6:OTG_GetGRXFSIZ	0	static
nx_usb20otg.c:759:6:OTG_GetGNPTXFSIZ	0	static
nx_usb20otg.c:764:6:OTG_GetGNPTXSTS	0	static
nx_usb20otg.c:769:6:OTG_GetGI2CCTL	0	static
nx_usb20otg.c:774:6:OTG_GetGPVNDCTL	0	static
nx_usb20otg.c:779:6:OTG_GetGGPIO	0	static
nx_usb20otg.c:784:6:OTG_GetGUID	0	static
nx_usb20otg.c:789:6:OTG_GetGSNPSID	0	static
nx_usb20otg.c:794:6:OTG_GetGHWCFG1	0	static
nx_usb20otg.c:799:6:OTG_GetGHWCFG2	0	static
nx_usb20otg.c:804:6:OTG_GetGHWCFG3	0	static
nx_usb20otg.c:809:6:OTG_GetGHWCFG4	0	static
nx_usb20otg.c:814:6:OTG_GetGLPMCFG	0	static
nx_usb20otg.c:819:6:OTG_GetHPTXFSIZ	0	static
nx_usb20otg.c:824:6:OTG_GetHCFG	0	static
nx_usb20otg.c:829:6:OTG_GetHFIR	0	static
nx_usb20otg.c:834:6:OTG_GetHFNUM	0	static
nx_usb20otg.c:839:6:OTG_GetHPTXSTS	0	static
nx_usb20otg.c:844:6:OTG_GetHAINT	0	static
nx_usb20otg.c:849:6:OTG_GetHAINTMSK	0	static
nx_usb20otg.c:854:6:OTG_GetHPRT	0	static
nx_usb20otg.c:859:6:OTG_GetDCFG	0	static
nx_usb20otg.c:864:6:OTG_GetDCTL	0	static
nx_usb20otg.c:869:6:OTG_GetDSTS	0	static
nx_usb20otg.c:874:6:OTG_GetDIEPMSK	0	static
nx_usb20otg.c:879:6:OTG_GetDOEPMSK	0	static
nx_usb20otg.c:884:6:OTG_GetDAINT	0	static
nx_usb20otg.c:889:6:OTG_GetDAINTMSK	0	static
nx_usb20otg.c:894:6:OTG_GetDTKNQR1	0	static
nx_usb20otg.c:899:6:OTG_GetDTKNQR2	0	static
nx_usb20otg.c:904:6:OTG_GetDVBUSDIS	0	static
nx_usb20otg.c:909:6:OTG_GetDVBUSPULSE	0	static
nx_usb20otg.c:914:6:OTG_GetDTKNQR3	0	static
nx_usb20otg.c:919:6:OTG_GetDTKNQR4	0	static
nx_usb20otg.c:924:6:OTG_GetPCGCCTL	0	static
nx_usb20otg.c:986:6:OTG_GetDPTXFSIZ	0	static
nx_usb20otg.c:991:6:OTG_GetHCCHAR	0	static
nx_usb20otg.c:996:6:OTG_GetHCSPLT	0	static
nx_usb20otg.c:1001:6:OTG_GetHCINT	0	static
nx_usb20otg.c:1006:6:OTG_GetHCINTMSK	0	static
nx_usb20otg.c:1011:6:OTG_GetHCTSIZ	0	static
nx_usb20otg.c:1016:6:OTG_GetHCDMA	0	static
nx_usb20otg.c:1021:6:OTG_GetDIEPCTL	0	static
nx_usb20otg.c:1026:6:OTG_GetDIEPINT	0	static
nx_usb20otg.c:1031:6:OTG_GetDIEPTSIZ	0	static
nx_usb20otg.c:1036:6:OTG_GetDIEPDMA	0	static
nx_usb20otg.c:1041:6:OTG_GetDOEPCTL	0	static
nx_usb20otg.c:1046:6:OTG_GetDOEPINT	0	static
nx_usb20otg.c:1051:6:OTG_GetDOEPTSIZ	0	static
nx_usb20otg.c:1056:6:OTG_GetDOEPDMA	0	static
nx_usb20otg.c:1064:6:OTG_SetGPWRDN	0	static
nx_usb20otg.c:1067:6:OTG_SetGDFIFOCFG	0	static
nx_usb20otg.c:1070:6:OTG_SetGADPCTL	0	static
nx_usb20otg.c:1073:6:OTG_SetDEACHINT	0	static
nx_usb20otg.c:1076:6:OTG_SetDEACHINTMSK	0	static
nx_usb20otg.c:1079:6:OTG_GetGPWRDN	0	static
nx_usb20otg.c:1082:6:OTG_GetGDFIFOCFG	0	static
nx_usb20otg.c:1085:6:OTG_GetGADPCTL	0	static
nx_usb20otg.c:1088:6:OTG_GetDEACHINT	0	static
nx_usb20otg.c:1091:6:OTG_GetDEACHINTMSK	0	static
nx_usb20otg.c:1095:6:OTG_SetDIEPEACHMSK	0	static
nx_usb20otg.c:1098:6:OTG_SetDOEPEACHMSK	0	static
nx_usb20otg.c:1101:6:OTG_GetDIEPEACHMSK	0	static
nx_usb20otg.c:1104:6:OTG_GetDOEPEACHMSK	0	static
nx_usb20otg.c:1108:6:OTG_SetEP00FIFO	0	static
nx_usb20otg.c:1111:6:OTG_SetEP01FIFO	0	static
nx_usb20otg.c:1114:6:OTG_SetEP02FIFO	0	static
nx_usb20otg.c:1117:6:OTG_SetEP03FIFO	0	static
nx_usb20otg.c:1120:6:OTG_SetEP04FIFO	0	static
nx_usb20otg.c:1123:6:OTG_SetEP05FIFO	0	static
nx_usb20otg.c:1126:6:OTG_SetEP06FIFO	0	static
nx_usb20otg.c:1129:6:OTG_SetEP07FIFO	0	static
nx_usb20otg.c:1132:6:OTG_SetEP08FIFO	0	static
nx_usb20otg.c:1135:6:OTG_SetEP09FIFO	0	static
nx_usb20otg.c:1138:6:OTG_SetEP10FIFO	0	static
nx_usb20otg.c:1141:6:OTG_SetEP11FIFO	0	static
nx_usb20otg.c:1144:6:OTG_SetEP12FIFO	0	static
nx_usb20otg.c:1147:6:OTG_SetEP13FIFO	0	static
nx_usb20otg.c:1150:6:OTG_SetEP14FIFO	0	static
nx_usb20otg.c:1153:6:OTG_SetEP15FIFO	0	static
nx_usb20otg.c:1156:6:OTG_GetEP00FIFO	0	static
nx_usb20otg.c:1159:6:OTG_GetEP01FIFO	0	static
nx_usb20otg.c:1162:6:OTG_GetEP02FIFO	0	static
nx_usb20otg.c:1165:6:OTG_GetEP03FIFO	0	static
nx_usb20otg.c:1168:6:OTG_GetEP04FIFO	0	static
nx_usb20otg.c:1171:6:OTG_GetEP05FIFO	0	static
nx_usb20otg.c:1174:6:OTG_GetEP06FIFO	0	static
nx_usb20otg.c:1177:6:OTG_GetEP07FIFO	0	static
nx_usb20otg.c:1180:6:OTG_GetEP08FIFO	0	static
nx_usb20otg.c:1183:6:OTG_GetEP09FIFO	0	static
nx_usb20otg.c:1186:6:OTG_GetEP10FIFO	0	static
nx_usb20otg.c:1189:6:OTG_GetEP11FIFO	0	static
nx_usb20otg.c:1192:6:OTG_GetEP12FIFO	0	static
nx_usb20otg.c:1195:6:OTG_GetEP13FIFO	0	static
nx_usb20otg.c:1198:6:OTG_GetEP14FIFO	0	static
nx_usb20otg.c:1201:6:OTG_GetEP15FIFO	0	static
nx_usb20otg.c:1205:6:OTG_GetDEBUGFIFO	0	static
nx_usb20otg.c:1208:6:OTG_SetDEBUGFIFO	0	static
nx_usb20otg.c:1211:6:OTG_SetRESERVED10	0	static
nx_usb20otg.c:1214:6:OTG_GetRESERVED10	0	static
nx_usb20otg.c:1218:5:xxx	0	static
nx_usb20otg.c:1222:10:SetOTG_APB00	0	static
nx_usb20otg.c:1223:9:GetOTG_APB00	0	static
