nx_usb20host.c:250:6:NX_PAD_SetPadFunctionEnable	16	static
nx_usb20host.c:37:7:NX_USB20HOST_Initialize	8	static
nx_usb20host.c:57:6:NX_USB20HOST_GetNumberOfModule	0	static
nx_usb20host.c:67:6:NX_USB20HOST_GetSizeOfRegisterSet	0	static
nx_usb20host.c:78:6:NX_USB20HOST_SetBaseAddress	0	static
nx_usb20host.c:92:6:NX_USB20HOST_GetBaseAddress	0	static
nx_usb20host.c:105:6:NX_USB20HOST_GetPhysicalAddress	0	static
nx_usb20host.c:120:7:NX_USB20HOST_OpenModule	8	static
nx_usb20host.c:134:7:NX_USB20HOST_CloseModule	8	static
nx_usb20host.c:148:7:NX_USB20HOST_CheckBusy	8	static
nx_usb20host.c:171:5:NX_USB20HOST_GetClockNumber	0	static
nx_usb20host.c:191:5:NX_USB20HOST_GetResetNumber	0	static
nx_usb20host.c:212:5:NX_USB20HOST_GetNumberOfPADMode	8	static
nx_usb20host.c:224:5:NX_USB20HOST_EnablePAD	16	static
nx_usb20host.c:260:6:SetHCCAPBASE	0	static
nx_usb20host.c:265:6:SetHCSPARAMS	0	static
nx_usb20host.c:270:6:SetHCCPARAMS	0	static
nx_usb20host.c:275:6:SetUSBCMD	0	static
nx_usb20host.c:280:6:SetUSBSTS	0	static
nx_usb20host.c:285:6:SetUSBINTR	0	static
nx_usb20host.c:290:6:SetFRINDEX	0	static
nx_usb20host.c:295:6:SetCTRLDSSEGMENT	0	static
nx_usb20host.c:300:6:SetPERIODICLISTBASE	0	static
nx_usb20host.c:305:6:SetASYNCLISTADDR	0	static
nx_usb20host.c:310:6:SetCONFIGFLAG	0	static
nx_usb20host.c:315:6:SetPORTSC	0	static
nx_usb20host.c:320:6:SetINSNREG00	0	static
nx_usb20host.c:325:6:SetINSNREG01	0	static
nx_usb20host.c:330:6:SetINSNREG02	0	static
nx_usb20host.c:335:6:SetINSNREG03	0	static
nx_usb20host.c:340:6:SetINSNREG04	0	static
nx_usb20host.c:345:6:SetINSNREG05	0	static
nx_usb20host.c:349:6:SetINSNREG06	0	static
nx_usb20host.c:353:6:SetINSNREG07	0	static
nx_usb20host.c:357:6:SetINSNREG08	0	static
nx_usb20host.c:365:5:GetHCCAPBASE	0	static
nx_usb20host.c:370:5:GetHCSPARAMS	0	static
nx_usb20host.c:375:5:GetHCCPARAMS	0	static
nx_usb20host.c:380:5:GetUSBCMD	0	static
nx_usb20host.c:385:5:GetUSBSTS	0	static
nx_usb20host.c:390:5:GetUSBINTR	0	static
nx_usb20host.c:395:5:GetFRINDEX	0	static
nx_usb20host.c:400:5:GetCTRLDSSEGMENT	0	static
nx_usb20host.c:405:5:GetPERIODICLISTBASE	0	static
nx_usb20host.c:410:5:GetASYNCLISTADDR	0	static
nx_usb20host.c:415:5:GetCONFIGFLAG	0	static
nx_usb20host.c:420:5:GetPORTSC	0	static
nx_usb20host.c:425:5:GetINSNREG00	0	static
nx_usb20host.c:430:5:GetINSNREG01	0	static
nx_usb20host.c:435:5:GetINSNREG02	0	static
nx_usb20host.c:440:5:GetINSNREG03	0	static
nx_usb20host.c:445:5:GetINSNREG04	0	static
nx_usb20host.c:450:5:GetINSNREG05	0	static
nx_usb20host.c:454:5:GetINSNREG06	0	static
nx_usb20host.c:458:5:GetINSNREG07	0	static
nx_usb20host.c:462:5:GetINSNREG08	0	static
nx_usb20host.c:469:10:SetHcRevision	0	static
nx_usb20host.c:470:10:SetHcControl	0	static
nx_usb20host.c:471:10:SetHcCommandStatus	0	static
nx_usb20host.c:472:10:SetHcInterruptStatus	0	static
nx_usb20host.c:473:10:SetHcInterruptEnable	0	static
nx_usb20host.c:474:10:SetHcInterruptDisable	0	static
nx_usb20host.c:475:10:SetHcHCCA	0	static
nx_usb20host.c:476:10:SetHcPeriodCurrentED	0	static
nx_usb20host.c:477:10:SetHcControlHeadED	0	static
nx_usb20host.c:478:10:SetHcControlCurrentED	0	static
nx_usb20host.c:479:10:SetHcBulkHeadED	0	static
nx_usb20host.c:480:10:SetHcBulkCurrentED	0	static
nx_usb20host.c:481:10:SetHcDoneHead	0	static
nx_usb20host.c:482:10:SetHcFmInterval	0	static
nx_usb20host.c:483:10:SetHcFmRemaining	0	static
nx_usb20host.c:484:10:SetHcFmNumber	0	static
nx_usb20host.c:485:10:SetHcPeriodicStart	0	static
nx_usb20host.c:486:10:SetHcLSThreshold	0	static
nx_usb20host.c:487:10:SetHcRhDescriptorA	0	static
nx_usb20host.c:488:10:SetHcRhDescriptorB	0	static
nx_usb20host.c:489:10:SetHcRhStatus	0	static
nx_usb20host.c:490:10:SetHcRhPortStatus	0	static
nx_usb20host.c:493:9:GetHcRevision	0	static
nx_usb20host.c:494:9:GetHcControl	0	static
nx_usb20host.c:495:9:GetHcCommandStatus	0	static
nx_usb20host.c:496:9:GetHcInterruptStatus	0	static
nx_usb20host.c:497:9:GetHcInterruptEnable	0	static
nx_usb20host.c:498:9:GetHcInterruptDisable	0	static
nx_usb20host.c:499:9:GetHcHCCA	0	static
nx_usb20host.c:500:9:GetHcPeriodCurrentED	0	static
nx_usb20host.c:501:9:GetHcControlHeadED	0	static
nx_usb20host.c:502:9:GetHcControlCurrentED	0	static
nx_usb20host.c:503:9:GetHcBulkHeadED	0	static
nx_usb20host.c:504:9:GetHcBulkCurrentED	0	static
nx_usb20host.c:505:9:GetHcDoneHead	0	static
nx_usb20host.c:506:9:GetHcFmInterval	0	static
nx_usb20host.c:507:9:GetHcFmRemaining	0	static
nx_usb20host.c:508:9:GetHcFmNumber	0	static
nx_usb20host.c:509:9:GetHcPeriodicStart	0	static
nx_usb20host.c:510:9:GetHcLSThreshold	0	static
nx_usb20host.c:511:9:GetHcRhDescriptorA	0	static
nx_usb20host.c:512:9:GetHcRhDescriptorB	0	static
nx_usb20host.c:513:9:GetHcRhStatus	0	static
nx_usb20host.c:514:9:GetHcRhPortStatus	0	static
nx_usb20host.c:516:10:SetAPB00	0	static
nx_usb20host.c:517:9:GetAPB00	0	static
