nx_wdt.c:35:7:NX_WDT_Initialize	0	static
nx_wdt.c:59:6:NX_WDT_GetNumberOfModule	0	static
nx_wdt.c:76:6:NX_WDT_GetPhysicalAddress	0	static
nx_wdt.c:94:6:NX_WDT_GetSizeOfRegisterSet	0	static
nx_wdt.c:110:6:NX_WDT_SetBaseAddress	0	static
nx_wdt.c:128:6:NX_WDT_GetBaseAddress	0	static
nx_wdt.c:146:7:NX_WDT_OpenModule	0	static
nx_wdt.c:174:7:NX_WDT_CloseModule	0	static
nx_wdt.c:202:7:NX_WDT_CheckBusy	0	static
nx_wdt.c:220:7:NX_WDT_CanPowerDown	0	static
nx_wdt.c:232:5:NX_WDT_GetResetNumber	8	static
nx_wdt.c:248:5:NX_WDT_GetNumberOfReset	0	static
nx_wdt.c:267:6:NX_WDT_GetInterruptNumber	0	static
nx_wdt.c:293:6:NX_WDT_SetInterruptEnable	0	static
nx_wdt.c:329:7:NX_WDT_GetInterruptEnable	0	static
nx_wdt.c:352:6:NX_WDT_ClearInterruptPending	0	static
nx_wdt.c:371:6:NX_WDT_SetWTCON	0	static
nx_wdt.c:378:6:NX_WDT_GetWTCON	0	static
nx_wdt.c:386:6:NX_WDT_SetResetEnable	8	static
nx_wdt.c:395:6:NX_WDT_SetWTDAT	0	static
nx_wdt.c:402:6:NX_WDT_GetWTDAT	0	static
nx_wdt.c:410:6:NX_WDT_SetWTCNT	0	static
nx_wdt.c:417:6:NX_WDT_GetWTCNT	0	static
nx_wdt.c:425:6:NX_WDT_SetWTCLRINT	0	static
